// Jest Snapshot v1, https://goo.gl/fbAQLP

exports[`Nav component matches snapshot 1`] = `
<DocumentFragment>
  <header
    class="flex-row px-1"
  >
    <h2>
      <a
        class="mx-2"
        data-testid="link"
        href="/"
      >
        Caroline Luce
      </a>
    </h2>
    <nav>
      <ul
        class="flex-row"
      >
        <li
          class="mx-2"
        >
          <span
            data-testid="about"
            href="#about"
          >
            Bio
          </span>
        </li>
        <li
          class="mx-2"
        >
          <span>
            Contact
          </span>
        </li>
        <li
          class="mx-2"
        >
          <span>
            Portfolio
          </span>
        </li>
      </ul>
    </nav>
  </header>
</DocumentFragment>
`;
